===== A0_SETUP 2026-09-09T03:53:56Z =====
===== A1_DATA_V2 medical-o1-reasoning-SFT (clean, non-templated) 2026-09-09T03:53:57Z =====
===== A2_FINETUNE_V2 lr5e-5 r16 attention-only drop-long 2026-09-09T03:53:59Z =====
step 10/250 loss 1.1947 lr 5.00e-05 gpu 52.2G elapsed 152s
step 20/250 loss 1.0886 lr 4.97e-05 gpu 52.2G elapsed 300s
step 30/250 loss 0.9543 lr 4.90e-05 gpu 52.4G elapsed 448s
step 40/250 loss 0.8857 lr 4.79e-05 gpu 52.4G elapsed 595s
step 50/250 loss 0.8633 lr 4.64e-05 gpu 52.6G elapsed 743s
step 60/250 loss 0.7906 lr 4.45e-05 gpu 52.6G elapsed 889s
step 70/250 loss 0.8094 lr 4.23e-05 gpu 52.6G elapsed 1035s
step 80/250 loss 0.7485 lr 3.99e-05 gpu 52.6G elapsed 1182s
step 90/250 loss 0.7848 lr 3.71e-05 gpu 52.6G elapsed 1325s
step 100/250 loss 0.7744 lr 3.42e-05 gpu 52.6G elapsed 1469s
step 110/250 loss 0.7412 lr 3.11e-05 gpu 52.6G elapsed 1609s
step 120/250 loss 0.7538 lr 2.79e-05 gpu 53.8G elapsed 1755s
step 130/250 loss 0.7466 lr 2.47e-05 gpu 53.8G elapsed 1898s
step 140/250 loss 0.7920 lr 2.14e-05 gpu 53.8G elapsed 2040s
step 150/250 loss 0.7642 lr 1.83e-05 gpu 53.8G elapsed 2183s
step 160/250 loss 0.7163 lr 1.52e-05 gpu 53.8G elapsed 2323s
step 170/250 loss 0.7534 lr 1.23e-05 gpu 53.8G elapsed 2467s
step 180/250 loss 0.7684 lr 9.63e-06 gpu 53.8G elapsed 2608s
step 190/250 loss 0.7628 lr 7.21e-06 gpu 53.8G elapsed 2751s
step 200/250 loss 0.7831 lr 5.08e-06 gpu 53.8G elapsed 2895s
step 210/250 loss 0.7877 lr 3.30e-06 gpu 53.8G elapsed 3037s
step 220/250 loss 0.7501 lr 1.87e-06 gpu 53.8G elapsed 3179s
step 230/250 loss 0.7674 lr 8.38e-07 gpu 53.8G elapsed 3320s
step 240/250 loss 0.7874 lr 2.10e-07 gpu 53.8G elapsed 3460s
step 250/250 loss 0.8021 lr 0.00e+00 gpu 53.8G elapsed 3600s
FINETUNE_TARGET=PASS
===== A3_GATE_V2 2026-09-09T04:54:08Z =====
DEGENERATION_GATE=PASS
===== A4_BASE_GATE_REFERENCE 2026-09-09T04:59:05Z =====
DEGENERATION_GATE=FAIL
===== PHASE_A_COMPLETE 2026-09-09T05:09:08Z =====
