===========================================================================
5-Way Benchmark V2 (Latency + Tokens + Cost)
Date: 2026-09-07 14:11:51
Groups: 1 | Prompts: 11 | Rounds: 2
===========================================================================
Loaded 11 prompts
Token acquired

--- WARMUP ---
  mai-image-2.6... OK 29.6s
--- WARMUP DONE ---


===========================================================================
ROUND 1/2 (A鈫扙)
===========================================================================

  R1[1/11] Chrome kimono, a maiden surrounded by metallic flowers,...
    mai-image-2.6... OK 37.0s 1772KB

  R1[2/11] a portal into a mythical forest on the wall of my small...
    mai-image-2.6... OK 36.8s 1679KB

  R1[3/11] a tiny astronaut hatching from an egg on the moon
    mai-image-2.6... OK 34.8s 1615KB
    Token refreshed

  R1[4/11] Photo realistic scene inspired by LOTR: [A tiny red dra...
    mai-image-2.6... OK 40.5s 1676KB

  R1[5/11] Cute and adorable fluffy cute creature fantasy, dreamli...
    mai-image-2.6... OK 35.1s 1459KB

  R1[6/11] A hidden cenote in the heart of a lush jungle beckons w...
    mai-image-2.6... OK 39.4s 2110KB
    Token refreshed

  R1[7/11] A charming, tech-savvy [girl with short, silver pixie-c...
    mai-image-2.6... OK 48.2s 1590KB

  R1[8/11] Universe, LSD, Fractal Worlds, Giant Eyes
    mai-image-2.6... OK 37.0s 2251KB

  R1[9/11] close up dof render of a mythical creature made of deta...
    mai-image-2.6... OK 36.9s 1802KB
    Token refreshed

  R1[10/11] an angry cat playing drums
    mai-image-2.6... OK 38.1s 1570KB

  R1[11/11] A monkey playing music
    mai-image-2.6... OK 35.4s 1824KB

===========================================================================
ROUND 2/2 (E鈫扐)
===========================================================================

  R2[1/11] Chrome kimono, a maiden surrounded by metallic flowers,...
    mai-image-2.6... OK 34.3s 1813KB

  R2[2/11] a portal into a mythical forest on the wall of my small...
    mai-image-2.6... OK 37.1s 1758KB

  R2[3/11] a tiny astronaut hatching from an egg on the moon
    mai-image-2.6... OK 33.4s 1450KB
    Token refreshed

  R2[4/11] Photo realistic scene inspired by LOTR: [A tiny red dra...
    mai-image-2.6... OK 36.1s 1537KB

  R2[5/11] Cute and adorable fluffy cute creature fantasy, dreamli...
    mai-image-2.6... OK 52.6s 1461KB

  R2[6/11] A hidden cenote in the heart of a lush jungle beckons w...
    mai-image-2.6... OK 45.5s 2142KB
    Token refreshed

  R2[7/11] A charming, tech-savvy [girl with short, silver pixie-c...
    mai-image-2.6... OK 36.9s 1530KB

  R2[8/11] Universe, LSD, Fractal Worlds, Giant Eyes
    mai-image-2.6... OK 52.7s 2286KB

  R2[9/11] close up dof render of a mythical creature made of deta...
    mai-image-2.6... OK 35.9s 1852KB
    Token refreshed

  R2[10/11] an angry cat playing drums
    mai-image-2.6... OK 34.9s 1633KB

  R2[11/11] A monkey playing music
    mai-image-2.6... OK 33.5s 1653KB

===========================================================================
SUMMARY
===========================================================================
Group                         Latency   OutTok   Cost/img   Pass
-----------------------------------------------------------------
mai-image-2.6                   38.7s      N/A        N/A 22/22

Saved: <run-directory>\5way_v2_results.json
DONE
