/opt/venv/lib/python3.10/site-packages/transformers/modeling_rope_utils.py:1034: FutureWarning: `rope_config_validation` is deprecated and has been removed. Its functionality has been moved to RotaryEmbeddingConfigMixin.validate_rope method. PreTrainedConfig inherits this class, so please call self.validate_rope() instead. Also, make sure to use the new rope_parameters syntax. You can call self.standardize_rope_params() in the meantime.
  warnings.warn(
benchmark_args=Namespace(backend='sglang', base_url=None, host='0.0.0.0', port=40000, ready_check_timeout_sec=60, dataset_name='random', dataset_path='', model='/data/models/MiMo-V2.5-Pro', served_model_name=None, tokenizer=None, num_prompts=2, sharegpt_output_len=None, sharegpt_context_len=None, random_input_len=128, random_output_len=16, random_range_ratio=0.0, image_count=1, image_resolution='1080p', random_image_count=False, image_format='jpeg', image_content='random', request_rate=inf, use_trace_timestamps=False, max_concurrency=1, output_file=None, output_details=False, print_requests=False, disable_tqdm=False, disable_stream=False, return_logprob=False, top_logprobs_num=0, token_ids_logprob=None, logprob_start_len=-1, return_routed_experts=False, seed=1, disable_ignore_eos=False, extra_request_body=None, apply_chat_template=False, profile=False, plot_throughput=False, profile_activities=['CPU', 'GPU'], profile_start_step=None, profile_steps=None, profile_num_steps=None, profile_by_stage=False, profile_stages=None, profile_output_dir=None, profile_prefix=None, lora_name=None, lora_request_distribution='uniform', lora_zipf_alpha=1.5, prompt_suffix='', pd_separated=True, profile_prefill_url=None, profile_decode_url=None, flush_cache=False, warmup_requests=1, tokenize_prompt=False, gsp_num_groups=64, gsp_prompts_per_group=16, gsp_system_prompt_len=2048, gsp_question_len=128, gsp_output_len=256, gsp_range_ratio=1.0, gsp_fast_prepare=False, gsp_send_routing_key=False, gsp_num_turns=1, gsp_ordered=False, mooncake_slowdown_factor=1.0, mooncake_num_rounds=1, mooncake_workload='conversation', fake_prefill=False, tag=None, header=None)
Waiting up to 60s for http://0.0.0.0:40000/v1/models to become ready...
Server ready in 0.0s.
Namespace(backend='sglang', base_url=None, host='0.0.0.0', port=40000, ready_check_timeout_sec=60, dataset_name='random', dataset_path='', model='/data/models/MiMo-V2.5-Pro', served_model_name=None, tokenizer=None, num_prompts=2, sharegpt_output_len=None, sharegpt_context_len=None, random_input_len=128, random_output_len=16, random_range_ratio=0.0, image_count=1, image_resolution='1080p', random_image_count=False, image_format='jpeg', image_content='random', request_rate=inf, use_trace_timestamps=False, max_concurrency=1, output_file=None, output_details=False, print_requests=False, disable_tqdm=False, disable_stream=False, return_logprob=False, top_logprobs_num=0, token_ids_logprob=None, logprob_start_len=-1, return_routed_experts=False, seed=1, disable_ignore_eos=False, extra_request_body=None, apply_chat_template=False, profile=False, plot_throughput=False, profile_activities=['CPU', 'GPU'], profile_start_step=None, profile_steps=None, profile_num_steps=None, profile_by_stage=False, profile_stages=None, profile_output_dir=None, profile_prefix=None, lora_name=None, lora_request_distribution='uniform', lora_zipf_alpha=1.5, prompt_suffix='', pd_separated=True, profile_prefill_url=None, profile_decode_url=None, flush_cache=False, warmup_requests=1, tokenize_prompt=False, gsp_num_groups=64, gsp_prompts_per_group=16, gsp_system_prompt_len=2048, gsp_question_len=128, gsp_output_len=256, gsp_range_ratio=1.0, gsp_fast_prepare=False, gsp_send_routing_key=False, gsp_num_turns=1, gsp_ordered=False, mooncake_slowdown_factor=1.0, mooncake_num_rounds=1, mooncake_workload='conversation', fake_prefill=False, tag=None, header=None)

#Input tokens: 146
#Output tokens: 22
Starting warmup with 1 sequences...
Warmup completed with 1 sequences. Starting main benchmark run...
  0%|          | 0/2 [00:00<?, ?it/s] 50%|█████     | 1/2 [00:00<00:00,  2.90it/s]100%|██████████| 2/2 [00:00<00:00,  3.08it/s]100%|██████████| 2/2 [00:00<00:00,  3.05it/s]

============ Serving Benchmark Result ============
Backend:                                 sglang    
Traffic request rate:                    inf       
Max request concurrency:                 1         
Successful requests:                     2         
Benchmark duration (s):                  0.66      
Total input tokens:                      146       
Total input text tokens:                 146       
Total generated tokens:                  22        
Total generated tokens (retokenized):    7         
Request throughput (req/s):              3.03      
Input token throughput (tok/s):          221.29    
Output token throughput (tok/s):         33.34     
Peak output token throughput (tok/s):    22.00     
Peak concurrent requests:                2         
Total token throughput (tok/s):          254.63    
Concurrency:                             0.99      
----------------End-to-End Latency----------------
Mean E2E Latency (ms):                   326.92    
Median E2E Latency (ms):                 326.92    
P90 E2E Latency (ms):                    340.86    
P99 E2E Latency (ms):                    343.99    
---------------Time to First Token----------------
Mean TTFT (ms):                          232.86    
Median TTFT (ms):                        232.86    
P99 TTFT (ms):                           237.97    
-----Time per Output Token (excl. 1st token)------
Mean TPOT (ms):                          9.54      
Median TPOT (ms):                        9.54      
P99 TPOT (ms):                           10.22     
---------------Inter-Token Latency----------------
Mean ITL (ms):                           9.40      
Median ITL (ms):                         8.93      
P95 ITL (ms):                            13.60     
P99 ITL (ms):                            13.60     
Max ITL (ms):                            13.60     
==================================================
